<html>
<body>
<pre>
<h1>µVision Build Log</h1>
<h2>Tool Versions:</h2>
IDE-Version: ¦ÌVision V5.39.0.0
Copyright (C) 2023 ARM Ltd and ARM Germany GmbH. All rights reserved.
License Information: v 2946847, HP Inc., LIC=ATTQ1-CN0VZ-MM99I-T7SV9-U3XTF-NTMIR
 
Tool Versions:
Toolchain:       MDK-ARM Plus  Version: 5.39.0.0
Toolchain Path:  C:\Keil_v5\ARM\ARMCC\Bin
C Compiler:      Armcc.exe V5.06 update 7 (build 960)
Assembler:       Armasm.exe V5.06 update 7 (build 960)
Linker/Locator:  ArmLink.exe V5.06 update 7 (build 960)
Library Manager: ArmAr.exe V5.06 update 7 (build 960)
Hex Converter:   FromElf.exe V5.06 update 7 (build 960)
CPU DLL:         SARMCM3.DLL V5.39.0.0
Dialog DLL:      DCM.DLL
Target DLL:      STLink\ST-LINKIII-KEIL_SWO.dll V3.2.0.0
Dialog DLL:      TCM.DLL
 
<h2>Project:</h2>
E:\Project\VibDemo\MDK-ARM\VibDemo.uvprojx
Project File Date:  10/28/2025

<h2>Output:</h2>
*** Using Compiler 'V5.06 update 7 (build 960)', folder: 'C:\Keil_v5\ARM\ARMCC\Bin'
Rebuild target 'VibDemo'
Note: source file 'C:/Users/29468/AppData/Local/Arm/Packs/ARM/CMSIS-DSP/1.15.0/Source/BasicMathFunctions/BasicMathFunctionsF16.c' - object file renamed from 'VibDemo\BasicMathFunctionsF16.o' to 'VibDemo\basicmathfunctionsf16_1.o'.
assembling startup_stm32f407xx.s...
compiling stm32f4xx_hal_timebase_tim.c...
compiling stm32f4xx_hal_msp.c...
compiling usart.c...
compiling tim.c...
compiling i2c.c...
compiling dma.c...
../Core/Src/dma.c(33): warning:  #1-D: last line of file ends without a newline
  /* USER CODE END 2 */
../Core/Src/dma.c: 1 warning, 0 errors
compiling globals.c...
compiling stm32f4xx_it.c...
compiling main.c...
../Core/Src/main.c(300): warning:  #1-D: last line of file ends without a newline
  }
../Core/Src/main.c: 1 warning, 0 errors
compiling gpio.c...
compiling stm32f4xx_hal_tim_ex.c...
compiling stm32f4xx_hal_tim.c...
compiling stm32f4xx_hal_pwr_ex.c...
compiling stm32f4xx_hal_i2c_ex.c...
compiling stm32f4xx_hal_flash_ramfunc.c...
compiling stm32f4xx_hal_gpio.c...
compiling stm32f4xx_hal_flash_ex.c...
compiling stm32f4xx_hal_rcc_ex.c...
compiling stm32f4xx_hal_flash.c...
compiling stm32f4xx_hal_dma.c...
compiling stm32f4xx_hal_pwr.c...
compiling stm32f4xx_hal_rcc.c...
compiling stm32f4xx_hal_dma_ex.c...
compiling stm32f4xx_hal_i2c.c...
compiling BasicMathFunctionsF16.c...
compiling BayesFunctionsF16.c...
compiling BayesFunctions.c...
compiling CommonTablesF16.c...
compiling BasicMathFunctions.c...
compiling ComplexMathFunctions.c...
compiling ControllerFunctions.c...
compiling ComplexMathFunctionsF16.c...
compiling DistanceFunctionsF16.c...
compiling DistanceFunctions.c...
C:/Users/29468/AppData/Local/Arm/Packs/ARM/CMSIS-DSP/1.15.0/Source/DistanceFunctions/DistanceFunctions.c(54): warning:  #1-D: last line of file ends without a newline
  #include "arm_dtw_init_window_q7.c"
C:/Users/29468/AppData/Local/Arm/Packs/ARM/CMSIS-DSP/1.15.0/Source/DistanceFunctions/DistanceFunctions.c: 1 warning, 0 errors
compiling FastMathFunctions.c...
C:/Users/29468/AppData/Local/Arm/Packs/ARM/CMSIS-DSP/1.15.0/Source/FastMathFunctions/arm_vexp_f32.c(123): warning:  #1-D: last line of file ends without a newline
   */
C:/Users/29468/AppData/Local/Arm/Packs/ARM/CMSIS-DSP/1.15.0/Source/FastMathFunctions/FastMathFunctions.c: 1 warning, 0 errors
compiling CommonTables.c...
compiling FilteringFunctionsF16.c...
compiling FastMathFunctionsF16.c...
C:/Users/29468/AppData/Local/Arm/Packs/ARM/CMSIS-DSP/1.15.0/Source/FastMathFunctions/arm_vexp_f16.c(96): warning:  #1-D: last line of file ends without a newline
   */
C:/Users/29468/AppData/Local/Arm/Packs/ARM/CMSIS-DSP/1.15.0/Source/FastMathFunctions/FastMathFunctionsF16.c: 1 warning, 0 errors
compiling InterpolationFunctions.c...
compiling InterpolationFunctionsF16.c...
compiling MatrixFunctionsF16.c...
C:/Users/29468/AppData/Local/Arm/Packs/ARM/CMSIS-DSP/1.15.0/Source/MatrixFunctions/MatrixFunctionsF16.c(43): warning:  #1-D: last line of file ends without a newline
  #include "arm_householder_f16.c"
C:/Users/29468/AppData/Local/Arm/Packs/ARM/CMSIS-DSP/1.15.0/Source/MatrixFunctions/MatrixFunctionsF16.c: 1 warning, 0 errors
compiling SVMFunctions.c...
compiling QuaternionMathFunctions.c...
compiling SVMFunctionsF16.c...
compiling stm32f4xx_hal_cortex.c...
compiling StatisticsFunctions.c...
compiling StatisticsFunctionsF16.c...
compiling stm32f4xx_hal.c...
compiling SupportFunctionsF16.c...
compiling MatrixFunctions.c...
compiling stm32f4xx_hal_exti.c...
compiling system_stm32f4xx.c...
compiling SupportFunctions.c...
compiling TransformFunctionsF16.c...
C:/Users/29468/AppData/Local/Arm/Packs/ARM/CMSIS-DSP/1.15.0/Source/TransformFunctions/arm_cfft_init_f16.c(356): warning:  #1-D: last line of file ends without a newline
   */
C:/Users/29468/AppData/Local/Arm/Packs/ARM/CMSIS-DSP/1.15.0/Source/TransformFunctions/TransformFunctionsF16.c: 1 warning, 0 errors
compiling stm32f4xx_hal_uart.c...
compiling TransformFunctions.c...
C:/Users/29468/AppData/Local/Arm/Packs/ARM/CMSIS-DSP/1.15.0/Source/TransformFunctions/arm_cfft_init_f64.c(286): warning:  #1-D: last line of file ends without a newline
   */
C:/Users/29468/AppData/Local/Arm/Packs/ARM/CMSIS-DSP/1.15.0/Source/TransformFunctions/arm_cfft_init_q15.c(338): warning:  #1-D: last line of file ends without a newline
   */
C:/Users/29468/AppData/Local/Arm/Packs/ARM/CMSIS-DSP/1.15.0/Source/TransformFunctions/arm_cfft_init_q31.c(341): warning:  #1-D: last line of file ends without a newline
   */
C:/Users/29468/AppData/Local/Arm/Packs/ARM/CMSIS-DSP/1.15.0/Source/TransformFunctions/arm_rfft_fast_init_f32.c(311): warning:  #111-D: statement is unreachable
      break;
C:/Users/29468/AppData/Local/Arm/Packs/ARM/CMSIS-DSP/1.15.0/Source/TransformFunctions/arm_rfft_fast_init_f64.c(315): warning:  #111-D: statement is unreachable
      break;
C:/Users/29468/AppData/Local/Arm/Packs/ARM/CMSIS-DSP/1.15.0/Source/TransformFunctions/TransformFunctions.c: 5 warnings, 0 errors
compiling FilteringFunctions.c...
linking...
Program Size: Code=18824 RO-data=456 RW-data=36 ZI-data=5588  
FromELF: creating hex file...
"VibDemo\VibDemo.axf" - 0 Error(s), 12 Warning(s).

<h2>Software Packages used:</h2>

Package Vendor: ARM
                http://www.keil.com/pack/ARM.CMSIS.5.9.0.pack
                ARM::CMSIS@5.9.0
                CMSIS (Common Microcontroller Software Interface Standard)
   * Component: CORE Version: 5.6.0

Package Vendor: ARM
                https://www.keil.com/pack/ARM.CMSIS-DSP.1.15.0.pack
                ARM::CMSIS-DSP@1.15.0
                CMSIS Embedded Compute Library
   * Component: DSP Variant: Source Version: 1.15.0

Package Vendor: Keil
                https://www.keil.com/pack/Keil.STM32F4xx_DFP.3.1.1.pack
                Keil::STM32F4xx_DFP@3.1.1
                STMicroelectronics STM32F4 Series Device Support

<h2>Collection of Component include folders:</h2>
  ./RTE/_VibDemo
  C:/Users/29468/AppData/Local/Arm/Packs/ARM/CMSIS-DSP/1.15.0/Include
  C:/Users/29468/AppData/Local/Arm/Packs/ARM/CMSIS-DSP/1.15.0/PrivateInclude
  C:/Users/29468/AppData/Local/Arm/Packs/ARM/CMSIS/5.9.0/CMSIS/Core/Include

<h2>Collection of Component Files used:</h2>

   * Component: ARM::CMSIS:CORE@5.6.0
      Include file:  CMSIS/Core/Include/tz_context.h

   * Component: ARM::CMSIS:DSP&Source@1.15.0
      Include file:  Include/arm_common_tables.h
      Include file:  Include/arm_const_structs.h
      Include file:  Include/arm_const_structs_f16.h
      Include file:  Include/arm_common_tables_f16.h
      Source file:   Source/BasicMathFunctions/BasicMathFunctions.c
      Source file:   Source/QuaternionMathFunctions/QuaternionMathFunctions.c
      Source file:   Source/CommonTables/CommonTables.c
      Source file:   Source/ComplexMathFunctions/ComplexMathFunctions.c
      Source file:   Source/DistanceFunctions/DistanceFunctions.c
      Source file:   Source/ControllerFunctions/ControllerFunctions.c
      Source file:   Source/FastMathFunctions/FastMathFunctions.c
      Source file:   Source/BayesFunctions/BayesFunctions.c
      Include file:  Include/arm_math.h
      Include file:  Include/arm_math_f16.h
      Source file:   Source/MatrixFunctions/MatrixFunctions.c
      Source file:   Source/MatrixFunctions/MatrixFunctionsF16.c
      Source file:   Source/BayesFunctions/BayesFunctionsF16.c
      Source file:   Source/SVMFunctions/SVMFunctionsF16.c
      Source file:   Source/FilteringFunctions/FilteringFunctions.c
      Source file:   Source/StatisticsFunctions/StatisticsFunctionsF16.c
      Source file:   Source/InterpolationFunctions/InterpolationFunctions.c
      Source file:   Source/StatisticsFunctions/StatisticsFunctions.c
      Source file:   Source/InterpolationFunctions/InterpolationFunctionsF16.c
      Source file:   Source/BasicMathFunctions/BasicMathFunctionsF16.c
      Source file:   Source/SupportFunctions/SupportFunctions.c
      Source file:   Source/ComplexMathFunctions/ComplexMathFunctionsF16.c
      Source file:   Source/TransformFunctions/TransformFunctions.c
      Source file:   Source/CommonTables/CommonTablesF16.c
      Source file:   Source/FastMathFunctions/FastMathFunctionsF16.c
      Source file:   Source/SupportFunctions/SupportFunctionsF16.c
      Source file:   Source/DistanceFunctions/DistanceFunctionsF16.c
      Source file:   Source/FilteringFunctions/FilteringFunctionsF16.c
      Source file:   Source/TransformFunctions/TransformFunctionsF16.c
      Source file:   Source/SVMFunctions/SVMFunctions.c
Build Time Elapsed:  00:00:14
</pre>
</body>
</html>
